###############################################################################
#
# IAR ELF Linker V8.32.1.169/W32 for ARM                  15/Aug/2023  21:42:52
# Copyright 2007-2018 IAR Systems AB.
#
#    Output file  =  
#        C:\Users\Admin\Desktop\moc_thanh\mock\project\Debug\Exe\mock.out
#    Map file     =  
#        C:\Users\Admin\Desktop\moc_thanh\mock\project\Debug\List\mock.map
#    Command line =  
#        -f C:\Users\Admin\AppData\Local\Temp\EW30A3.tmp
#        (C:\Users\Admin\Desktop\moc_thanh\mock\project\Debug\Obj\button.o
#        C:\Users\Admin\Desktop\moc_thanh\mock\project\Debug\Obj\KL46z.o
#        C:\Users\Admin\Desktop\moc_thanh\mock\project\Debug\Obj\main.o
#        C:\Users\Admin\Desktop\moc_thanh\mock\project\Debug\Obj\pwm.o
#        C:\Users\Admin\Desktop\moc_thanh\mock\project\Debug\Obj\startup_MKL46Z4.o
#        C:\Users\Admin\Desktop\moc_thanh\mock\project\Debug\Obj\system_MKL46Z4.o
#        --no_out_extension -o
#        C:\Users\Admin\Desktop\moc_thanh\mock\project\Debug\Exe\mock.out --map
#        C:\Users\Admin\Desktop\moc_thanh\mock\project\Debug\List\mock.map
#        --config "D:\Program Files (x86)\IAR Systems\Embedded Workbench
#        8.2\arm\config\linker\NXP\MKL46Z256xxx4.icf" --semihosting --entry
#        __iar_program_start --vfe --text_out locale)
#
###############################################################################

*******************************************************************************
*** RUNTIME MODEL ATTRIBUTES
***

CppFlavor       = *
__SystemLibrary = DLib
__dlib_version  = 6


*******************************************************************************
*** HEAP SELECTION
***

The basic heap was selected because no calls to memory allocation
functions were found in the application outside of system library
functions, and there are calls to deallocation functions in the
application.


*******************************************************************************
*** PLACEMENT SUMMARY
***

"A0":  place at 0x0 { ro section .intvec };
"P1":  place in [from 0x0 to 0x3ff] |
                [from 0x410 to 0x3'ffff] { ro };
define block CSTACK with size = 2K, alignment = 8 { };
define block HEAP with size = 4K, alignment = 8 { };
"P3":  place in [from 0x1fff'e000 to 0x1fff'ffff] |
                [from 0x2000'0000 to 0x2000'5fff] {
          rw, block CSTACK, block HEAP };
"P5":  place in [from 0x400 to 0x40f] { section FlashConfig };
initialize by copy { rw };

No sections matched the following patterns:

  ro section application_specific_ro  in "P2|P4"
  rw section application_specific_rw  in "P2|P4"


  Section            Kind         Address    Size  Object
  -------            ----         -------    ----  ------
"A0":                                        0xc0
  .intvec            ro code          0x0    0xc0  startup_MKL46Z4.o [1]
                                   - 0xc0    0xc0

"P1", part 1 of 2:                           0x88
  .rodata            const           0xc0     0x0  copy_init3.o [3]
  Initializer bytes  const           0xc0    0x88  <for P3 s0>
                                  - 0x148    0x88

"P5":                                        0x10
  FlashConfig        ro code        0x400    0x10  startup_MKL46Z4.o [1]
                                  - 0x410    0x10

"P1", part 2 of 2:                         0x138c
  .text              ro code        0x410   0x5cc  xscanfsmall_nomb.o [2]
  .text              ro code        0x9dc    0x12  strchr.o [3]
  .text              ro code        0x9ee    0x22  xsscin.o [2]
  .text              ro code        0xa10    0x48  xfail_s.o [2]
  .text              ro code        0xa58    0x92  iar_Stolx.o [2]
  .text              ro code        0xaea     0x2  startup_MKL46Z4.o [1]
  .text              ro code        0xaec   0x156  iar_Stoulx.o [2]
  .text              ro code        0xc42     0xa  abort.o [2]
  .text              ro code        0xc4c    0x16  memchr.o [3]
  .text              ro code        0xc62    0xe0  I32DivModFast.o [3]
  .text              ro code        0xd42     0x2  startup_MKL46Z4.o [1]
  .text              ro code        0xd44    0x14  exit.o [4]
  .text              ro code        0xd58     0x2  IntDivZer.o [3]
  .text              ro code        0xd5a     0x2  startup_MKL46Z4.o [1]
  .text              ro code        0xd5c   0x46c  KL46z.o [1]
  .text              ro code       0x11c8   0x184  system_MKL46Z4.o [1]
  .text              ro code       0x134c    0x28  sscanf.o [2]
  .text              ro code       0x1374    0xa0  pwm.o [1]
  .text              ro code       0x1414    0x4e  ABImemset.o [3]
  .text              ro code       0x1462     0x2  startup_MKL46Z4.o [1]
  .text              ro code       0x1464    0x90  button.o [1]
  .rodata            const         0x14f4    0x50  iar_Stoulx.o [2]
  .text              ro code       0x1544    0x30  copy_init3.o [3]
  .text              ro code       0x1574    0x2c  main.o [1]
  .text              ro code       0x15a0    0x28  data_init.o [3]
  .rodata            const         0x15c8    0x24  xscanfsmall_nomb.o [2]
  .text              ro code       0x15ec    0x24  startup_MKL46Z4.o [1]
  .iar.init_table    const         0x1610    0x14  - Linker created -
  .text              ro code       0x1624    0x1e  cmain.o [3]
  .text              ro code       0x1642     0x4  low_level_init.o [2]
  .text              ro code       0x1646     0x8  exit.o [2]
  .text              ro code       0x164e     0x2  startup_MKL46Z4.o [1]
  .text              ro code       0x1650     0xa  cexit.o [3]
  .rodata            const         0x165c    0x1c  KL46z.o [1]
  .rodata            const         0x1678    0x1c  KL46z.o [1]
  .rodata            const         0x1694    0x1c  KL46z.o [1]
  .rodata            const         0x16b0    0x1c  KL46z.o [1]
  .rodata            const         0x16cc    0x1c  KL46z.o [1]
  .rodata            const         0x16e8    0x1c  KL46z.o [1]
  .rodata            const         0x1704    0x1c  KL46z.o [1]
  .rodata            const         0x1720    0x10  main.o [1]
  .text              ro code       0x1730     0xc  cstartup_M.o [3]
  .text              ro code       0x173c     0x8  startup_MKL46Z4.o [1]
  .text              ro code       0x1744     0x8  startup_MKL46Z4.o [1]
  .text              ro code       0x174c     0x8  startup_MKL46Z4.o [1]
  .text              ro code       0x1754     0x8  startup_MKL46Z4.o [1]
  .text              ro code       0x175c     0x8  startup_MKL46Z4.o [1]
  .text              ro code       0x1764     0x8  startup_MKL46Z4.o [1]
  .text              ro code       0x176c     0x8  startup_MKL46Z4.o [1]
  .text              ro code       0x1774     0x8  startup_MKL46Z4.o [1]
  .text              ro code       0x177c     0x8  startup_MKL46Z4.o [1]
  .text              ro code       0x1784     0x8  startup_MKL46Z4.o [1]
  .text              ro code       0x178c     0x8  startup_MKL46Z4.o [1]
  .text              ro code       0x1794     0x8  startup_MKL46Z4.o [1]
                                 - 0x179c  0x138c

"P3", part 1 of 2:                           0x88
  P3 s0                       0x1fff'e000    0x88  <Init block>
    .data            inited   0x1fff'e000    0x24  KL46z.o [1]
    .data            inited   0x1fff'e024    0x1c  KL46z.o [1]
    .bss             inited   0x1fff'e040    0x1c  KL46z.o [1]
    .bss             inited   0x1fff'e05c    0x14  KL46z.o [1]
    .data            inited   0x1fff'e070     0x4  system_MKL46Z4.o [1]
    .bss             inited   0x1fff'e074     0x4  KL46z.o [1]
    .bss             inited   0x1fff'e078     0x4  KL46z.o [1]
    .bss             inited   0x1fff'e07c     0x4  KL46z.o [1]
    .bss             inited   0x1fff'e080     0x4  xfail_s.o [2]
    .data            inited   0x1fff'e084     0x1  KL46z.o [1]
                            - 0x1fff'e088    0x88

"P3", part 2 of 2:                          0x800
  CSTACK                      0x1fff'e088   0x800  <Block>
    CSTACK           uninit   0x1fff'e088   0x800  <Block tail>
                            - 0x1fff'e888   0x800

Unused ranges:

         From           To      Size
         ----           --      ----
        0x148        0x3ff     0x2b8
       0x179c     0x3'ffff  0x3'e864
  0x1fff'e888  0x1fff'ffff    0x1778
  0x2000'0000  0x2000'5fff    0x6000


*******************************************************************************
*** INIT TABLE
***

          Address      Size
          -------      ----
Copy (__iar_copy_init3)
    1 source range, total size 0x88 (102% of destination):
                 0xc0  0x88
    1 destination range, total size 0x85:
          0x1fff'e000  0x85



*******************************************************************************
*** MODULE SUMMARY
***

    Module              ro code  ro data  rw data
    ------              -------  -------  -------
command line/config:
    ---------------------------------------------
    Total:

C:\Users\Admin\Desktop\moc_thanh\mock\project\Debug\Obj: [1]
    KL46z.o               1 132      321      125
    button.o                144
    main.o                   44       16
    pwm.o                   160
    startup_MKL46Z4.o       350
    system_MKL46Z4.o        388        4        4
    ---------------------------------------------
    Total:                2 218      341      129

dl6M_tln.a: [2]
    abort.o                  10
    exit.o                    8
    iar_Stolx.o             146
    iar_Stoulx.o            342       80
    low_level_init.o          4
    sscanf.o                 40
    xfail_s.o                72        4        4
    xscanfsmall_nomb.o    1 484       36
    xsscin.o                 34
    ---------------------------------------------
    Total:                2 140      120        4

rt6M_tl.a: [3]
    ABImemset.o              78
    I32DivModFast.o         224
    IntDivZer.o               2
    cexit.o                  10
    cmain.o                  30
    copy_init3.o             48
    cstartup_M.o             12
    data_init.o              40
    memchr.o                 22
    strchr.o                 18
    ---------------------------------------------
    Total:                  484

shb_l.a: [4]
    exit.o                   20
    ---------------------------------------------
    Total:                   20

    Gaps                               2
    Linker created                    23    2 048
-------------------------------------------------
    Grand Total:          4 862      486    2 181


*******************************************************************************
*** ENTRY LIST
***

Entry                       Address   Size  Type      Object
-----                       -------   ----  ----      ------
.iar.init_table$$Base        0x1610          --   Gb  - Linker created -
.iar.init_table$$Limit       0x1624          --   Gb  - Linker created -
?main                        0x1625         Code  Gb  cmain.o [3]
CSTACK$$Base            0x1fff'e088          --   Gb  - Linker created -
CSTACK$$Limit           0x1fff'e888          --   Gb  - Linker created -
Region$$Table$$Base          0x1610          --   Gb  - Linker created -
Region$$Table$$Limit         0x1624          --   Gb  - Linker created -
Sw1_IRQHandler               0x1109   0x3c  Code  Gb  KL46z.o [1]
SystemCoreClock         0x1fff'e070    0x4  Data  Gb  system_MKL46Z4.o [1]
SystemCoreClockUpdate        0x11d1  0x146  Code  Gb  system_MKL46Z4.o [1]
SystemInit                   0x11c9    0x8  Code  Gb  system_MKL46Z4.o [1]
UART0_IRQHandler             0x114d   0x34  Code  Gb  KL46z.o [1]
_GetN                         0x411   0x26  Code  Lc  xscanfsmall_nomb.o [2]
_GetintSmallNoMb              0x785  0x234  Code  Lc  xscanfsmall_nomb.o [2]
_GetstrSmallNoMb              0x659  0x104  Code  Lc  xscanfsmall_nomb.o [2]
_SScin                        0x9ef   0x22  Code  Gb  xsscin.o [2]
_ScanfSmallNoMb               0x455  0x1f4  Code  Gb  xscanfsmall_nomb.o [2]
_UngetN                       0x437   0x1e  Code  Lc  xscanfsmall_nomb.o [2]
__Vectors                       0x0          --   Gb  startup_MKL46Z4.o [1]
__Vectors_End                  0xc0         Data  Gb  startup_MKL46Z4.o [1]
__Vectors_Size {Abs}           0xc0          --   Gb  startup_MKL46Z4.o [1]
__aeabi_idiv                  0xc8f         Code  Gb  I32DivModFast.o [3]
__aeabi_idiv0                 0xd59         Code  Gb  IntDivZer.o [3]
__aeabi_idivmod               0xc8f         Code  Gb  I32DivModFast.o [3]
__aeabi_memset               0x1415         Code  Gb  ABImemset.o [3]
__aeabi_uidiv                 0xc95         Code  Gb  I32DivModFast.o [3]
__aeabi_uidivmod              0xc95         Code  Gb  I32DivModFast.o [3]
__cmain                      0x1625         Code  Gb  cmain.o [3]
__exit                        0xd45   0x14  Code  Gb  exit.o [4]
__iar_Fail_s                  0xa11   0x22  Code  Gb  xfail_s.o [2]
__iar_Memchr                  0xc4d         Code  Gb  memchr.o [3]
__iar_Memset4_word           0x1435         Code  Gb  ABImemset.o [3]
__iar_Memset_word            0x1421         Code  Gb  ABImemset.o [3]
__iar_Stolx                   0xa59   0x84  Code  Gb  iar_Stolx.o [2]
__iar_Stoulx                  0xaed  0x144  Code  Gb  iar_Stoulx.o [2]
__iar_Strchr                  0x9dd         Code  Gb  strchr.o [3]
__iar_copy_init3             0x1545   0x30  Code  Gb  copy_init3.o [3]
__iar_data_init3             0x15a1   0x28  Code  Gb  data_init.o [3]
__iar_program_start          0x1731         Code  Gb  cstartup_M.o [3]
__low_level_init             0x1643    0x4  Code  Gb  low_level_init.o [2]
__vector_table                  0x0         Data  Gb  startup_MKL46Z4.o [1]
__vector_table_0x1c            0x1c         Data  Gb  startup_MKL46Z4.o [1]
_call_main                   0x1631         Code  Gb  cmain.o [3]
_exit                        0x1651         Code  Gb  cexit.o [3]
_main                        0x163f         Code  Gb  cmain.o [3]
abort                         0xc43    0xa  Code  Gb  abort.o [2]
clock_config                  0xd5d   0x2e  Code  Gb  KL46z.o [1]
cmd                     0x1fff'e000   0x24  Data  Gb  KL46z.o [1]
cv                            0xef3   0x20  Code  Lc  KL46z.o [1]
digits                       0x151c   0x28  Data  Lc  iar_Stoulx.o [2]
exit                         0x1647    0x8  Code  Gb  exit.o [2]
frame_rx                0x1fff'e05c   0x14  Data  Gb  KL46z.o [1]
init_button                  0x1465   0x90  Code  Gb  button.o [1]
init_pwm                     0x1375   0x62  Code  Gb  pwm.o [1]
lenStr                  0x1fff'e078    0x4  Data  Gb  KL46z.o [1]
lvFan                   0x1fff'e074    0x4  Data  Gb  KL46z.o [1]
main                         0x1575   0x2c  Code  Gb  main.o [1]
memchr                        0xc4d         Code  Gb  memchr.o [3]
mode                    0x1fff'e084    0x1  Data  Gb  KL46z.o [1]
ndigs                        0x14f4   0x28  Data  Lc  iar_Stoulx.o [2]
process_frame_rx              0xfa9  0x158  Code  Lc  KL46z.o [1]
sec_hand                0x1fff'e080    0x4  Data  Lc  xfail_s.o [2]
set_duty_cycle               0x13d7   0x16  Code  Gb  pwm.o [1]
set_frame_rx                  0xf13   0x5e  Code  Lc  KL46z.o [1]
set_frame_rx::tempStr   0x1fff'e07c    0x4  Data  Lc  KL46z.o [1]
sscanf                       0x134d   0x28  Code  Gb  sscanf.o [2]
str                     0x1fff'e040   0x1c  Data  Gb  KL46z.o [1]
strchr                        0x9dd         Code  Gb  strchr.o [3]
strtol                        0xae1    0xa  Code  Gb  iar_Stolx.o [2]
strtoul                       0xc3d    0x6  Code  Gb  iar_Stoulx.o [2]
uart0_config                  0xd8b  0x13a  Code  Gb  KL46z.o [1]
undefined               0x1fff'e024   0x1c  Data  Gb  KL46z.o [1]
usart_send_byte               0xec5   0x10  Code  Gb  KL46z.o [1]
usart_send_string             0xedd   0x16  Code  Gb  KL46z.o [1]


[1] = C:\Users\Admin\Desktop\moc_thanh\mock\project\Debug\Obj
[2] = dl6M_tln.a
[3] = rt6M_tl.a
[4] = shb_l.a

  4 862 bytes of readonly  code memory
    486 bytes of readonly  data memory
  2 181 bytes of readwrite data memory

Errors: none
Warnings: none
